Upgrading gradle.properties
Upgrading gradle.properties
Running Gradle task 'assembleRelease'...                        
WARNING: Your Android app project: app located at: /Users/tiic/AndroidStudioProjects/kiss_me/android/app/build.gradle.kts
applies the Kotlin Gradle Plugin, which will cause build failures in future versions of Flutter. 
Please migrate your app to Built-in Kotlin using this guide: https://docs.flutter.dev/release/breaking-changes/migrate-to-built-in-kotlin/for-app-developers

Running Gradle task 'assembleRelease'...                           47,7s
✓ Built build/app/outputs/flutter-apk/app-release.apk (43.4MB)
